[WEBVIEW] 1: Slow network is detected. See https://www.chromestatus.com/feature/5636954674692096 for more details. Fallback font will be used while loading: https://fonts.gstatic.com/s/materialicons/v145/flUhRq6tzZclQEJ-Vdg-IuiaDsNcIhQ8tQ.woff2 (line 581 at https://www.gstatic.com/recaptcha/releases/gTpTIWhbKpxADzTzkcabhXN4/recaptcha__en.js)
[WEBVIEW] 2: %cElectron Security Warning (Insecure Content-Security-Policy) font-weight: bold; This renderer process has either no Content Security
  Policy set or a policy with "unsafe-eval" enabled. This exposes users of
  this app to unnecessary security risks.

For more information and help, consult
https://electronjs.org/docs/tutorial/security.
This warning will not show up
once the app is packaged. (line 2 at node:electron/js2c/sandbox_bundle)
[WEBVIEW] 3: TRPCClientError: Unauthorized (line 1 at https://labs.google/fx/_next/static/chunks/pages/_app-961dbc1e8ac9ca4b.js)
[WEBVIEW] 3: logging event error TRPCClientError: Unauthorized (line 1 at https://labs.google/fx/_next/static/chunks/pages/_app-961dbc1e8ac9ca4b.js)
[WEBVIEW] 3: TRPCClientError: Unauthorized (line 1 at https://labs.google/fx/_next/static/chunks/pages/_app-961dbc1e8ac9ca4b.js)
[WEBVIEW] 3: TRPCClientError: Unauthorized (line 1 at https://labs.google/fx/_next/static/chunks/pages/_app-961dbc1e8ac9ca4b.js)
[WEBVIEW] 3: logging event error TRPCClientError: Unauthorized (line 1 at https://labs.google/fx/_next/static/chunks/pages/_app-961dbc1e8ac9ca4b.js)
[WEBVIEW] 3: [object Response] (line 1 at https://labs.google/fx/_next/static/chunks/pages/_app-961dbc1e8ac9ca4b.js)
[WEBVIEW] 3: [next-auth][error][CLIENT_FETCH_ERROR] 
https://next-auth.js.org/errors#client_fetch_error Failed to fetch [object Object] (line 1 at https://labs.google/fx/_next/static/chunks/pages/_app-961dbc1e8ac9ca4b.js)
[WEBVIEW] 1: [object Object] (line 24 at https://labs.google/fx/vi/tools/flow)
[WEBVIEW] 2: %cElectron Security Warning (Insecure Content-Security-Policy) font-weight: bold; This renderer process has either no Content Security
  Policy set or a policy with "unsafe-eval" enabled. This exposes users of
  this app to unnecessary security risks.

For more information and help, consult
https://electronjs.org/docs/tutorial/security.
This warning will not show up
once the app is packaged. (line 2 at node:electron/js2c/sandbox_bundle)
[WEBVIEW] 3: TRPCClientError: Unauthorized (line 1 at https://labs.google/fx/_next/static/chunks/pages/_app-961dbc1e8ac9ca4b.js)
[WEBVIEW] 3: logging event error TRPCClientError: Unauthorized (line 1 at https://labs.google/fx/_next/static/chunks/pages/_app-961dbc1e8ac9ca4b.js)
[WEBVIEW] 3: TRPCClientError: Unauthorized (line 1 at https://labs.google/fx/_next/static/chunks/pages/_app-961dbc1e8ac9ca4b.js)
[WEBVIEW] 3: logging event error TRPCClientError: Unauthorized (line 1 at https://labs.google/fx/_next/static/chunks/pages/_app-961dbc1e8ac9ca4b.js)
[WEBVIEW] 3: TRPCClientError: Unauthorized (line 1 at https://labs.google/fx/_next/static/chunks/pages/_app-961dbc1e8ac9ca4b.js)
[WEBVIEW] 3: [object Response] (line 1 at https://labs.google/fx/_next/static/chunks/pages/_app-961dbc1e8ac9ca4b.js)
[WEBVIEW] 3: [next-auth][error][CLIENT_FETCH_ERROR] 
https://next-auth.js.org/errors#client_fetch_error Failed to fetch [object Object] (line 1 at https://labs.google/fx/_next/static/chunks/pages/_app-961dbc1e8ac9ca4b.js)
[WEBVIEW] 3: [next-auth][error][CLIENT_FETCH_ERROR] 
https://next-auth.js.org/errors#client_fetch_error Failed to fetch [object Object] (line 1 at https://labs.google/fx/_next/static/chunks/pages/_app-961dbc1e8ac9ca4b.js)
[WEBVIEW] 1: [object Object] (line 24 at https://labs.google/fx/vi/tools/flow)
[WEBVIEW] 2: %cElectron Security Warning (Insecure Content-Security-Policy) font-weight: bold; This renderer process has either no Content Security
  Policy set or a policy with "unsafe-eval" enabled. This exposes users of
  this app to unnecessary security risks.

For more information and help, consult
https://electronjs.org/docs/tutorial/security.
This warning will not show up
once the app is packaged. (line 2 at node:electron/js2c/sandbox_bundle)
[WEBVIEW] 3: TRPCClientError: Unauthorized (line 1 at https://labs.google/fx/_next/static/chunks/pages/_app-961dbc1e8ac9ca4b.js)
[WEBVIEW] 3: TRPCClientError: Unauthorized (line 1 at https://labs.google/fx/_next/static/chunks/pages/_app-961dbc1e8ac9ca4b.js)
[WEBVIEW] 3: logging event error TRPCClientError: Unauthorized (line 1 at https://labs.google/fx/_next/static/chunks/pages/_app-961dbc1e8ac9ca4b.js)
[WEBVIEW] 3: TRPCClientError: Unauthorized (line 1 at https://labs.google/fx/_next/static/chunks/pages/_app-961dbc1e8ac9ca4b.js)
[WEBVIEW] 3: logging event error TRPCClientError: Unauthorized (line 1 at https://labs.google/fx/_next/static/chunks/pages/_app-961dbc1e8ac9ca4b.js)
[WEBVIEW] 3: [object Response] (line 1 at https://labs.google/fx/_next/static/chunks/pages/_app-961dbc1e8ac9ca4b.js)
[WEBVIEW] 3: [next-auth][error][CLIENT_FETCH_ERROR] 
https://next-auth.js.org/errors#client_fetch_error Failed to fetch [object Object] (line 1 at https://labs.google/fx/_next/static/chunks/pages/_app-961dbc1e8ac9ca4b.js)
[WEBVIEW] 1: [object Object] (line 24 at https://labs.google/fx/vi/tools/flow)
[WEBVIEW] 2: %cElectron Security Warning (Insecure Content-Security-Policy) font-weight: bold; This renderer process has either no Content Security
  Policy set or a policy with "unsafe-eval" enabled. This exposes users of
  this app to unnecessary security risks.

For more information and help, consult
https://electronjs.org/docs/tutorial/security.
This warning will not show up
once the app is packaged. (line 2 at node:electron/js2c/sandbox_bundle)
[WEBVIEW] 3: TRPCClientError: Unauthorized (line 1 at https://labs.google/fx/_next/static/chunks/pages/_app-961dbc1e8ac9ca4b.js)
[WEBVIEW] 3: logging event error TRPCClientError: Unauthorized (line 1 at https://labs.google/fx/_next/static/chunks/pages/_app-961dbc1e8ac9ca4b.js)
[WEBVIEW] 3: TRPCClientError: Unauthorized (line 1 at https://labs.google/fx/_next/static/chunks/pages/_app-961dbc1e8ac9ca4b.js)
[WEBVIEW] 3: logging event error TRPCClientError: Unauthorized (line 1 at https://labs.google/fx/_next/static/chunks/pages/_app-961dbc1e8ac9ca4b.js)
[WEBVIEW] 3: [object Response] (line 1 at https://labs.google/fx/_next/static/chunks/pages/_app-961dbc1e8ac9ca4b.js)
[WEBVIEW] 3: [next-auth][error][CLIENT_FETCH_ERROR] 
https://next-auth.js.org/errors#client_fetch_error Failed to fetch [object Object] (line 1 at https://labs.google/fx/_next/static/chunks/pages/_app-961dbc1e8ac9ca4b.js)
[WEBVIEW] 3: TRPCClientError: Failed to fetch (line 1 at https://labs.google/fx/_next/static/chunks/pages/_app-961dbc1e8ac9ca4b.js)
[WEBVIEW] 1: [object Object] (line 24 at https://labs.google/fx/vi/tools/flow)
[WEBVIEW] 2: %cElectron Security Warning (Insecure Content-Security-Policy) font-weight: bold; This renderer process has either no Content Security
  Policy set or a policy with "unsafe-eval" enabled. This exposes users of
  this app to unnecessary security risks.

For more information and help, consult
https://electronjs.org/docs/tutorial/security.
This warning will not show up
once the app is packaged. (line 2 at node:electron/js2c/sandbox_bundle)
[WEBVIEW] 3: TRPCClientError: Unauthorized (line 1 at https://labs.google/fx/_next/static/chunks/pages/_app-961dbc1e8ac9ca4b.js)
[WEBVIEW] 3: TRPCClientError: Unauthorized (line 1 at https://labs.google/fx/_next/static/chunks/pages/_app-961dbc1e8ac9ca4b.js)
[WEBVIEW] 3: logging event error TRPCClientError: Unauthorized (line 1 at https://labs.google/fx/_next/static/chunks/pages/_app-961dbc1e8ac9ca4b.js)
[WEBVIEW] 3: TRPCClientError: Unauthorized (line 1 at https://labs.google/fx/_next/static/chunks/pages/_app-961dbc1e8ac9ca4b.js)
[WEBVIEW] 3: logging event error TRPCClientError: Unauthorized (line 1 at https://labs.google/fx/_next/static/chunks/pages/_app-961dbc1e8ac9ca4b.js)
[WEBVIEW] 3: [object Response] (line 1 at https://labs.google/fx/_next/static/chunks/pages/_app-961dbc1e8ac9ca4b.js)
[WEBVIEW] 3: [next-auth][error][CLIENT_FETCH_ERROR] 
https://next-auth.js.org/errors#client_fetch_error Failed to fetch [object Object] (line 1 at https://labs.google/fx/_next/static/chunks/pages/_app-961dbc1e8ac9ca4b.js)
[WEBVIEW] 1: [object Object] (line 24 at https://labs.google/fx/vi/tools/flow)
[WEBVIEW] 2: %cElectron Security Warning (Insecure Content-Security-Policy) font-weight: bold; This renderer process has either no Content Security
  Policy set or a policy with "unsafe-eval" enabled. This exposes users of
  this app to unnecessary security risks.

For more information and help, consult
https://electronjs.org/docs/tutorial/security.
This warning will not show up
once the app is packaged. (line 2 at node:electron/js2c/sandbox_bundle)
[WEBVIEW] 3: TRPCClientError: Unauthorized (line 1 at https://labs.google/fx/_next/static/chunks/pages/_app-961dbc1e8ac9ca4b.js)
[WEBVIEW] 3: logging event error TRPCClientError: Unauthorized (line 1 at https://labs.google/fx/_next/static/chunks/pages/_app-961dbc1e8ac9ca4b.js)
[WEBVIEW] 3: TRPCClientError: Unauthorized (line 1 at https://labs.google/fx/_next/static/chunks/pages/_app-961dbc1e8ac9ca4b.js)
[WEBVIEW] 3: TRPCClientError: Unauthorized (line 1 at https://labs.google/fx/_next/static/chunks/pages/_app-961dbc1e8ac9ca4b.js)
[WEBVIEW] 3: logging event error TRPCClientError: Unauthorized (line 1 at https://labs.google/fx/_next/static/chunks/pages/_app-961dbc1e8ac9ca4b.js)
[WEBVIEW] 3: [object Response] (line 1 at https://labs.google/fx/_next/static/chunks/pages/_app-961dbc1e8ac9ca4b.js)
[WEBVIEW] 3: [next-auth][error][CLIENT_FETCH_ERROR] 
https://next-auth.js.org/errors#client_fetch_error Failed to fetch [object Object] (line 1 at https://labs.google/fx/_next/static/chunks/pages/_app-961dbc1e8ac9ca4b.js)
[WEBVIEW] 1: [object Object] (line 24 at https://labs.google/fx/vi/tools/flow)
[WEBVIEW] 2: %cElectron Security Warning (Insecure Content-Security-Policy) font-weight: bold; This renderer process has either no Content Security
  Policy set or a policy with "unsafe-eval" enabled. This exposes users of
  this app to unnecessary security risks.

For more information and help, consult
https://electronjs.org/docs/tutorial/security.
This warning will not show up
once the app is packaged. (line 2 at node:electron/js2c/sandbox_bundle)
[WEBVIEW] 3: TRPCClientError: Unauthorized (line 1 at https://labs.google/fx/_next/static/chunks/pages/_app-961dbc1e8ac9ca4b.js)
[WEBVIEW] 3: TRPCClientError: Unauthorized (line 1 at https://labs.google/fx/_next/static/chunks/pages/_app-961dbc1e8ac9ca4b.js)
[WEBVIEW] 3: logging event error TRPCClientError: Unauthorized (line 1 at https://labs.google/fx/_next/static/chunks/pages/_app-961dbc1e8ac9ca4b.js)
[WEBVIEW] 3: TRPCClientError: Unauthorized (line 1 at https://labs.google/fx/_next/static/chunks/pages/_app-961dbc1e8ac9ca4b.js)
[WEBVIEW] 3: logging event error TRPCClientError: Unauthorized (line 1 at https://labs.google/fx/_next/static/chunks/pages/_app-961dbc1e8ac9ca4b.js)
[WEBVIEW] 3: [object Response] (line 1 at https://labs.google/fx/_next/static/chunks/pages/_app-961dbc1e8ac9ca4b.js)
[WEBVIEW] 3: [next-auth][error][CLIENT_FETCH_ERROR] 
https://next-auth.js.org/errors#client_fetch_error Failed to fetch [object Object] (line 1 at https://labs.google/fx/_next/static/chunks/pages/_app-961dbc1e8ac9ca4b.js)
[WEBVIEW] 1: [object Object] (line 24 at https://labs.google/fx/vi/tools/flow)
[WEBVIEW] 2: %cElectron Security Warning (Insecure Content-Security-Policy) font-weight: bold; This renderer process has either no Content Security
  Policy set or a policy with "unsafe-eval" enabled. This exposes users of
  this app to unnecessary security risks.

For more information and help, consult
https://electronjs.org/docs/tutorial/security.
This warning will not show up
once the app is packaged. (line 2 at node:electron/js2c/sandbox_bundle)
[WEBVIEW] 3: TRPCClientError: Unauthorized (line 1 at https://labs.google/fx/_next/static/chunks/pages/_app-961dbc1e8ac9ca4b.js)
[WEBVIEW] 3: TRPCClientError: Unauthorized (line 1 at https://labs.google/fx/_next/static/chunks/pages/_app-961dbc1e8ac9ca4b.js)
[WEBVIEW] 3: logging event error TRPCClientError: Unauthorized (line 1 at https://labs.google/fx/_next/static/chunks/pages/_app-961dbc1e8ac9ca4b.js)
[WEBVIEW] 3: TRPCClientError: Unauthorized (line 1 at https://labs.google/fx/_next/static/chunks/pages/_app-961dbc1e8ac9ca4b.js)
[WEBVIEW] 3: logging event error TRPCClientError: Unauthorized (line 1 at https://labs.google/fx/_next/static/chunks/pages/_app-961dbc1e8ac9ca4b.js)
[WEBVIEW] 3: [object Response] (line 1 at https://labs.google/fx/_next/static/chunks/pages/_app-961dbc1e8ac9ca4b.js)
[WEBVIEW] 3: [next-auth][error][CLIENT_FETCH_ERROR] 
https://next-auth.js.org/errors#client_fetch_error Failed to fetch [object Object] (line 1 at https://labs.google/fx/_next/static/chunks/pages/_app-961dbc1e8ac9ca4b.js)
[WEBVIEW] 3: [next-auth][error][CLIENT_FETCH_ERROR] 
https://next-auth.js.org/errors#client_fetch_error Failed to fetch [object Object] (line 1 at https://labs.google/fx/_next/static/chunks/pages/_app-961dbc1e8ac9ca4b.js)
[WEBVIEW] 1: [object Object] (line 24 at https://labs.google/fx/vi/tools/flow)
[WEBVIEW] 2: %cElectron Security Warning (Insecure Content-Security-Policy) font-weight: bold; This renderer process has either no Content Security
  Policy set or a policy with "unsafe-eval" enabled. This exposes users of
  this app to unnecessary security risks.

For more information and help, consult
https://electronjs.org/docs/tutorial/security.
This warning will not show up
once the app is packaged. (line 2 at node:electron/js2c/sandbox_bundle)
[WEBVIEW] 3: TRPCClientError: Unauthorized (line 1 at https://labs.google/fx/_next/static/chunks/pages/_app-961dbc1e8ac9ca4b.js)
[WEBVIEW] 3: logging event error TRPCClientError: Unauthorized (line 1 at https://labs.google/fx/_next/static/chunks/pages/_app-961dbc1e8ac9ca4b.js)
[WEBVIEW] 3: TRPCClientError: Unauthorized (line 1 at https://labs.google/fx/_next/static/chunks/pages/_app-961dbc1e8ac9ca4b.js)
[WEBVIEW] 3: logging event error TRPCClientError: Unauthorized (line 1 at https://labs.google/fx/_next/static/chunks/pages/_app-961dbc1e8ac9ca4b.js)
[WEBVIEW] 3: TRPCClientError: Unauthorized (line 1 at https://labs.google/fx/_next/static/chunks/pages/_app-961dbc1e8ac9ca4b.js)
[WEBVIEW] 3: [next-auth][error][CLIENT_FETCH_ERROR] 
https://next-auth.js.org/errors#client_fetch_error Failed to fetch [object Object] (line 1 at https://labs.google/fx/_next/static/chunks/pages/_app-961dbc1e8ac9ca4b.js)
[WEBVIEW] 3: TypeError: Failed to fetch (line 1 at https://labs.google/fx/_next/static/chunks/pages/_app-961dbc1e8ac9ca4b.js)
[WEBVIEW] 1: [object Object] (line 24 at https://labs.google/fx/vi/tools/flow)
[WEBVIEW] 2: %cElectron Security Warning (Insecure Content-Security-Policy) font-weight: bold; This renderer process has either no Content Security
  Policy set or a policy with "unsafe-eval" enabled. This exposes users of
  this app to unnecessary security risks.

For more information and help, consult
https://electronjs.org/docs/tutorial/security.
This warning will not show up
once the app is packaged. (line 2 at node:electron/js2c/sandbox_bundle)
[WEBVIEW] 3: TRPCClientError: Unauthorized (line 1 at https://labs.google/fx/_next/static/chunks/pages/_app-961dbc1e8ac9ca4b.js)
[WEBVIEW] 3: logging event error TRPCClientError: Unauthorized (line 1 at https://labs.google/fx/_next/static/chunks/pages/_app-961dbc1e8ac9ca4b.js)
[WEBVIEW] 3: TRPCClientError: Unauthorized (line 1 at https://labs.google/fx/_next/static/chunks/pages/_app-961dbc1e8ac9ca4b.js)
[WEBVIEW] 3: TRPCClientError: Unauthorized (line 1 at https://labs.google/fx/_next/static/chunks/pages/_app-961dbc1e8ac9ca4b.js)
[WEBVIEW] 3: logging event error TRPCClientError: Unauthorized (line 1 at https://labs.google/fx/_next/static/chunks/pages/_app-961dbc1e8ac9ca4b.js)
[WEBVIEW] 3: [object Response] (line 1 at https://labs.google/fx/_next/static/chunks/pages/_app-961dbc1e8ac9ca4b.js)
[WEBVIEW] 3: [next-auth][error][CLIENT_FETCH_ERROR] 
https://next-auth.js.org/errors#client_fetch_error Failed to fetch [object Object] (line 1 at https://labs.google/fx/_next/static/chunks/pages/_app-961dbc1e8ac9ca4b.js)
[WEBVIEW] 1: [object Object] (line 24 at https://labs.google/fx/vi/tools/flow)
[WEBVIEW] 2: %cElectron Security Warning (Insecure Content-Security-Policy) font-weight: bold; This renderer process has either no Content Security
  Policy set or a policy with "unsafe-eval" enabled. This exposes users of
  this app to unnecessary security risks.

For more information and help, consult
https://electronjs.org/docs/tutorial/security.
This warning will not show up
once the app is packaged. (line 2 at node:electron/js2c/sandbox_bundle)
[WEBVIEW] 3: TRPCClientError: Unauthorized (line 1 at https://labs.google/fx/_next/static/chunks/pages/_app-961dbc1e8ac9ca4b.js)
[WEBVIEW] 3: logging event error TRPCClientError: Unauthorized (line 1 at https://labs.google/fx/_next/static/chunks/pages/_app-961dbc1e8ac9ca4b.js)
[WEBVIEW] 3: TRPCClientError: Unauthorized (line 1 at https://labs.google/fx/_next/static/chunks/pages/_app-961dbc1e8ac9ca4b.js)
[WEBVIEW] 3: TRPCClientError: Unauthorized (line 1 at https://labs.google/fx/_next/static/chunks/pages/_app-961dbc1e8ac9ca4b.js)
[WEBVIEW] 3: logging event error TRPCClientError: Unauthorized (line 1 at https://labs.google/fx/_next/static/chunks/pages/_app-961dbc1e8ac9ca4b.js)
[WEBVIEW] 3: [object Response] (line 1 at https://labs.google/fx/_next/static/chunks/pages/_app-961dbc1e8ac9ca4b.js)
[WEBVIEW] 3: [next-auth][error][CLIENT_FETCH_ERROR] 
https://next-auth.js.org/errors#client_fetch_error Failed to fetch [object Object] (line 1 at https://labs.google/fx/_next/static/chunks/pages/_app-961dbc1e8ac9ca4b.js)
[WEBVIEW] 3: [next-auth][error][CLIENT_FETCH_ERROR] 
https://next-auth.js.org/errors#client_fetch_error Failed to fetch [object Object] (line 1 at https://labs.google/fx/_next/static/chunks/pages/_app-961dbc1e8ac9ca4b.js)
[WEBVIEW] 1: [object Object] (line 24 at https://labs.google/fx/vi/tools/flow)
[WEBVIEW] 2: %cElectron Security Warning (Insecure Content-Security-Policy) font-weight: bold; This renderer process has either no Content Security
  Policy set or a policy with "unsafe-eval" enabled. This exposes users of
  this app to unnecessary security risks.

For more information and help, consult
https://electronjs.org/docs/tutorial/security.
This warning will not show up
once the app is packaged. (line 2 at node:electron/js2c/sandbox_bundle)
[WEBVIEW] 3: TRPCClientError: Unauthorized (line 1 at https://labs.google/fx/_next/static/chunks/pages/_app-961dbc1e8ac9ca4b.js)
[WEBVIEW] 3: logging event error TRPCClientError: Unauthorized (line 1 at https://labs.google/fx/_next/static/chunks/pages/_app-961dbc1e8ac9ca4b.js)
[WEBVIEW] 3: TRPCClientError: Unauthorized (line 1 at https://labs.google/fx/_next/static/chunks/pages/_app-961dbc1e8ac9ca4b.js)
[WEBVIEW] 3: TRPCClientError: Unauthorized (line 1 at https://labs.google/fx/_next/static/chunks/pages/_app-961dbc1e8ac9ca4b.js)
[WEBVIEW] 3: logging event error TRPCClientError: Unauthorized (line 1 at https://labs.google/fx/_next/static/chunks/pages/_app-961dbc1e8ac9ca4b.js)
[WEBVIEW] 3: [object Response] (line 1 at https://labs.google/fx/_next/static/chunks/pages/_app-961dbc1e8ac9ca4b.js)
[WEBVIEW] 3: [next-auth][error][CLIENT_FETCH_ERROR] 
https://next-auth.js.org/errors#client_fetch_error Failed to fetch [object Object] (line 1 at https://labs.google/fx/_next/static/chunks/pages/_app-961dbc1e8ac9ca4b.js)
[WEBVIEW] 1: [object Object] (line 24 at https://labs.google/fx/vi/tools/flow)
[WEBVIEW] 2: %cElectron Security Warning (Insecure Content-Security-Policy) font-weight: bold; This renderer process has either no Content Security
  Policy set or a policy with "unsafe-eval" enabled. This exposes users of
  this app to unnecessary security risks.

For more information and help, consult
https://electronjs.org/docs/tutorial/security.
This warning will not show up
once the app is packaged. (line 2 at node:electron/js2c/sandbox_bundle)
[WEBVIEW] 3: TRPCClientError: Unauthorized (line 1 at https://labs.google/fx/_next/static/chunks/pages/_app-961dbc1e8ac9ca4b.js)
[WEBVIEW] 3: logging event error TRPCClientError: Unauthorized (line 1 at https://labs.google/fx/_next/static/chunks/pages/_app-961dbc1e8ac9ca4b.js)
[WEBVIEW] 3: TRPCClientError: Unauthorized (line 1 at https://labs.google/fx/_next/static/chunks/pages/_app-961dbc1e8ac9ca4b.js)
[WEBVIEW] 3: TRPCClientError: Unauthorized (line 1 at https://labs.google/fx/_next/static/chunks/pages/_app-961dbc1e8ac9ca4b.js)
[WEBVIEW] 3: logging event error TRPCClientError: Unauthorized (line 1 at https://labs.google/fx/_next/static/chunks/pages/_app-961dbc1e8ac9ca4b.js)
[WEBVIEW] 3: [object Response] (line 1 at https://labs.google/fx/_next/static/chunks/pages/_app-961dbc1e8ac9ca4b.js)
[WEBVIEW] 3: [next-auth][error][CLIENT_FETCH_ERROR] 
https://next-auth.js.org/errors#client_fetch_error Failed to fetch [object Object] (line 1 at https://labs.google/fx/_next/static/chunks/pages/_app-961dbc1e8ac9ca4b.js)
[WEBVIEW] 3: [next-auth][error][CLIENT_FETCH_ERROR] 
https://next-auth.js.org/errors#client_fetch_error Failed to fetch [object Object] (line 1 at https://labs.google/fx/_next/static/chunks/pages/_app-961dbc1e8ac9ca4b.js)
[WEBVIEW] 1: [object Object] (line 24 at https://labs.google/fx/vi/tools/flow)
[WEBVIEW] 2: %cElectron Security Warning (Insecure Content-Security-Policy) font-weight: bold; This renderer process has either no Content Security
  Policy set or a policy with "unsafe-eval" enabled. This exposes users of
  this app to unnecessary security risks.

For more information and help, consult
https://electronjs.org/docs/tutorial/security.
This warning will not show up
once the app is packaged. (line 2 at node:electron/js2c/sandbox_bundle)
[WEBVIEW] 3: TRPCClientError: Unauthorized (line 1 at https://labs.google/fx/_next/static/chunks/pages/_app-961dbc1e8ac9ca4b.js)
[WEBVIEW] 3: TRPCClientError: Unauthorized (line 1 at https://labs.google/fx/_next/static/chunks/pages/_app-961dbc1e8ac9ca4b.js)
[WEBVIEW] 3: logging event error TRPCClientError: Unauthorized (line 1 at https://labs.google/fx/_next/static/chunks/pages/_app-961dbc1e8ac9ca4b.js)
[WEBVIEW] 3: TRPCClientError: Unauthorized (line 1 at https://labs.google/fx/_next/static/chunks/pages/_app-961dbc1e8ac9ca4b.js)
[WEBVIEW] 3: logging event error TRPCClientError: Unauthorized (line 1 at https://labs.google/fx/_next/static/chunks/pages/_app-961dbc1e8ac9ca4b.js)
[WEBVIEW] 3: [object Response] (line 1 at https://labs.google/fx/_next/static/chunks/pages/_app-961dbc1e8ac9ca4b.js)
[WEBVIEW] 3: [next-auth][error][CLIENT_FETCH_ERROR] 
https://next-auth.js.org/errors#client_fetch_error Failed to fetch [object Object] (line 1 at https://labs.google/fx/_next/static/chunks/pages/_app-961dbc1e8ac9ca4b.js)
[WEBVIEW] 1: [object Object] (line 24 at https://labs.google/fx/vi/tools/flow)
[WEBVIEW] 2: %cElectron Security Warning (Insecure Content-Security-Policy) font-weight: bold; This renderer process has either no Content Security
  Policy set or a policy with "unsafe-eval" enabled. This exposes users of
  this app to unnecessary security risks.

For more information and help, consult
https://electronjs.org/docs/tutorial/security.
This warning will not show up
once the app is packaged. (line 2 at node:electron/js2c/sandbox_bundle)
[WEBVIEW] 3: TRPCClientError: Unauthorized (line 1 at https://labs.google/fx/_next/static/chunks/pages/_app-961dbc1e8ac9ca4b.js)
[WEBVIEW] 3: logging event error TRPCClientError: Unauthorized (line 1 at https://labs.google/fx/_next/static/chunks/pages/_app-961dbc1e8ac9ca4b.js)
[WEBVIEW] 3: TRPCClientError: Unauthorized (line 1 at https://labs.google/fx/_next/static/chunks/pages/_app-961dbc1e8ac9ca4b.js)
[WEBVIEW] 3: logging event error TRPCClientError: Unauthorized (line 1 at https://labs.google/fx/_next/static/chunks/pages/_app-961dbc1e8ac9ca4b.js)
[WEBVIEW] 3: TRPCClientError: Unauthorized (line 1 at https://labs.google/fx/_next/static/chunks/pages/_app-961dbc1e8ac9ca4b.js)
[WEBVIEW] 3: [object Response] (line 1 at https://labs.google/fx/_next/static/chunks/pages/_app-961dbc1e8ac9ca4b.js)
[WEBVIEW] 3: [next-auth][error][CLIENT_FETCH_ERROR] 
https://next-auth.js.org/errors#client_fetch_error Failed to fetch [object Object] (line 1 at https://labs.google/fx/_next/static/chunks/pages/_app-961dbc1e8ac9ca4b.js)
[WEBVIEW] 1: [object Object] (line 24 at https://labs.google/fx/vi/tools/flow)
[WEBVIEW] 2: %cElectron Security Warning (Insecure Content-Security-Policy) font-weight: bold; This renderer process has either no Content Security
  Policy set or a policy with "unsafe-eval" enabled. This exposes users of
  this app to unnecessary security risks.

For more information and help, consult
https://electronjs.org/docs/tutorial/security.
This warning will not show up
once the app is packaged. (line 2 at node:electron/js2c/sandbox_bundle)
[WEBVIEW] 3: TRPCClientError: Unauthorized (line 1 at https://labs.google/fx/_next/static/chunks/pages/_app-961dbc1e8ac9ca4b.js)
[WEBVIEW] 3: TRPCClientError: Unauthorized (line 1 at https://labs.google/fx/_next/static/chunks/pages/_app-961dbc1e8ac9ca4b.js)
[WEBVIEW] 3: logging event error TRPCClientError: Unauthorized (line 1 at https://labs.google/fx/_next/static/chunks/pages/_app-961dbc1e8ac9ca4b.js)
[WEBVIEW] 3: TRPCClientError: Unauthorized (line 1 at https://labs.google/fx/_next/static/chunks/pages/_app-961dbc1e8ac9ca4b.js)
[WEBVIEW] 3: logging event error TRPCClientError: Unauthorized (line 1 at https://labs.google/fx/_next/static/chunks/pages/_app-961dbc1e8ac9ca4b.js)
[WEBVIEW] 3: [object Response] (line 1 at https://labs.google/fx/_next/static/chunks/pages/_app-961dbc1e8ac9ca4b.js)
[WEBVIEW] 3: [next-auth][error][CLIENT_FETCH_ERROR] 
https://next-auth.js.org/errors#client_fetch_error Failed to fetch [object Object] (line 1 at https://labs.google/fx/_next/static/chunks/pages/_app-961dbc1e8ac9ca4b.js)
[WEBVIEW] 1: [object Object] (line 24 at https://labs.google/fx/vi/tools/flow)
[WEBVIEW] 2: %cElectron Security Warning (Insecure Content-Security-Policy) font-weight: bold; This renderer process has either no Content Security
  Policy set or a policy with "unsafe-eval" enabled. This exposes users of
  this app to unnecessary security risks.

For more information and help, consult
https://electronjs.org/docs/tutorial/security.
This warning will not show up
once the app is packaged. (line 2 at node:electron/js2c/sandbox_bundle)
[WEBVIEW] 3: TRPCClientError: Unauthorized (line 1 at https://labs.google/fx/_next/static/chunks/pages/_app-961dbc1e8ac9ca4b.js)
[WEBVIEW] 3: TRPCClientError: Unauthorized (line 1 at https://labs.google/fx/_next/static/chunks/pages/_app-961dbc1e8ac9ca4b.js)
[WEBVIEW] 3: logging event error TRPCClientError: Unauthorized (line 1 at https://labs.google/fx/_next/static/chunks/pages/_app-961dbc1e8ac9ca4b.js)
[WEBVIEW] 3: TRPCClientError: Unauthorized (line 1 at https://labs.google/fx/_next/static/chunks/pages/_app-961dbc1e8ac9ca4b.js)
[WEBVIEW] 3: logging event error TRPCClientError: Unauthorized (line 1 at https://labs.google/fx/_next/static/chunks/pages/_app-961dbc1e8ac9ca4b.js)
[WEBVIEW] 3: [object Response] (line 1 at https://labs.google/fx/_next/static/chunks/pages/_app-961dbc1e8ac9ca4b.js)
[WEBVIEW] 3: [next-auth][error][CLIENT_FETCH_ERROR] 
https://next-auth.js.org/errors#client_fetch_error Failed to fetch [object Object] (line 1 at https://labs.google/fx/_next/static/chunks/pages/_app-961dbc1e8ac9ca4b.js)
[WEBVIEW] 1: [object Object] (line 24 at https://labs.google/fx/vi/tools/flow)
[WEBVIEW] 2: %cElectron Security Warning (Insecure Content-Security-Policy) font-weight: bold; This renderer process has either no Content Security
  Policy set or a policy with "unsafe-eval" enabled. This exposes users of
  this app to unnecessary security risks.

For more information and help, consult
https://electronjs.org/docs/tutorial/security.
This warning will not show up
once the app is packaged. (line 2 at node:electron/js2c/sandbox_bundle)
[WEBVIEW] 3: TRPCClientError: Unauthorized (line 1 at https://labs.google/fx/_next/static/chunks/pages/_app-961dbc1e8ac9ca4b.js)
[WEBVIEW] 3: logging event error TRPCClientError: Unauthorized (line 1 at https://labs.google/fx/_next/static/chunks/pages/_app-961dbc1e8ac9ca4b.js)
[WEBVIEW] 3: TRPCClientError: Unauthorized (line 1 at https://labs.google/fx/_next/static/chunks/pages/_app-961dbc1e8ac9ca4b.js)
[WEBVIEW] 3: TRPCClientError: Unauthorized (line 1 at https://labs.google/fx/_next/static/chunks/pages/_app-961dbc1e8ac9ca4b.js)
[WEBVIEW] 3: logging event error TRPCClientError: Unauthorized (line 1 at https://labs.google/fx/_next/static/chunks/pages/_app-961dbc1e8ac9ca4b.js)
[WEBVIEW] 3: [object Response] (line 1 at https://labs.google/fx/_next/static/chunks/pages/_app-961dbc1e8ac9ca4b.js)
[WEBVIEW] 3: [next-auth][error][CLIENT_FETCH_ERROR] 
https://next-auth.js.org/errors#client_fetch_error Failed to fetch [object Object] (line 1 at https://labs.google/fx/_next/static/chunks/pages/_app-961dbc1e8ac9ca4b.js)
[WEBVIEW] 1: [object Object] (line 24 at https://labs.google/fx/vi/tools/flow)
[WEBVIEW] 2: %cElectron Security Warning (Insecure Content-Security-Policy) font-weight: bold; This renderer process has either no Content Security
  Policy set or a policy with "unsafe-eval" enabled. This exposes users of
  this app to unnecessary security risks.

For more information and help, consult
https://electronjs.org/docs/tutorial/security.
This warning will not show up
once the app is packaged. (line 2 at node:electron/js2c/sandbox_bundle)
[WEBVIEW] 3: TRPCClientError: Unauthorized (line 1 at https://labs.google/fx/_next/static/chunks/pages/_app-961dbc1e8ac9ca4b.js)
[WEBVIEW] 3: TRPCClientError: Unauthorized (line 1 at https://labs.google/fx/_next/static/chunks/pages/_app-961dbc1e8ac9ca4b.js)
[WEBVIEW] 3: logging event error TRPCClientError: Unauthorized (line 1 at https://labs.google/fx/_next/static/chunks/pages/_app-961dbc1e8ac9ca4b.js)
[WEBVIEW] 3: TRPCClientError: Unauthorized (line 1 at https://labs.google/fx/_next/static/chunks/pages/_app-961dbc1e8ac9ca4b.js)
[WEBVIEW] 3: logging event error TRPCClientError: Unauthorized (line 1 at https://labs.google/fx/_next/static/chunks/pages/_app-961dbc1e8ac9ca4b.js)
[WEBVIEW] 3: [object Response] (line 1 at https://labs.google/fx/_next/static/chunks/pages/_app-961dbc1e8ac9ca4b.js)
[WEBVIEW] 3: [next-auth][error][CLIENT_FETCH_ERROR] 
https://next-auth.js.org/errors#client_fetch_error Failed to fetch [object Object] (line 1 at https://labs.google/fx/_next/static/chunks/pages/_app-961dbc1e8ac9ca4b.js)
[WEBVIEW] 3: [next-auth][error][CLIENT_FETCH_ERROR] 
https://next-auth.js.org/errors#client_fetch_error Failed to fetch [object Object] (line 1 at https://labs.google/fx/_next/static/chunks/pages/_app-961dbc1e8ac9ca4b.js)
[WEBVIEW] 1: [object Object] (line 24 at https://labs.google/fx/vi/tools/flow)
[WEBVIEW] 2: %cElectron Security Warning (Insecure Content-Security-Policy) font-weight: bold; This renderer process has either no Content Security
  Policy set or a policy with "unsafe-eval" enabled. This exposes users of
  this app to unnecessary security risks.

For more information and help, consult
https://electronjs.org/docs/tutorial/security.
This warning will not show up
once the app is packaged. (line 2 at node:electron/js2c/sandbox_bundle)
[WEBVIEW] 3: TRPCClientError: Unauthorized (line 1 at https://labs.google/fx/_next/static/chunks/pages/_app-961dbc1e8ac9ca4b.js)
[WEBVIEW] 3: TRPCClientError: Unauthorized (line 1 at https://labs.google/fx/_next/static/chunks/pages/_app-961dbc1e8ac9ca4b.js)
[WEBVIEW] 3: logging event error TRPCClientError: Unauthorized (line 1 at https://labs.google/fx/_next/static/chunks/pages/_app-961dbc1e8ac9ca4b.js)
[WEBVIEW] 3: TRPCClientError: Unauthorized (line 1 at https://labs.google/fx/_next/static/chunks/pages/_app-961dbc1e8ac9ca4b.js)
[WEBVIEW] 3: logging event error TRPCClientError: Unauthorized (line 1 at https://labs.google/fx/_next/static/chunks/pages/_app-961dbc1e8ac9ca4b.js)
[WEBVIEW] 3: [object Response] (line 1 at https://labs.google/fx/_next/static/chunks/pages/_app-961dbc1e8ac9ca4b.js)
[WEBVIEW] 3: [next-auth][error][CLIENT_FETCH_ERROR] 
https://next-auth.js.org/errors#client_fetch_error Failed to fetch [object Object] (line 1 at https://labs.google/fx/_next/static/chunks/pages/_app-961dbc1e8ac9ca4b.js)
[WEBVIEW] 1: [object Object] (line 24 at https://labs.google/fx/vi/tools/flow)
[WEBVIEW] 1: [object Object] (line 24 at https://labs.google/fx/vi/tools/flow)
[WEBVIEW] 2: %cElectron Security Warning (Insecure Content-Security-Policy) font-weight: bold; This renderer process has either no Content Security
  Policy set or a policy with "unsafe-eval" enabled. This exposes users of
  this app to unnecessary security risks.

For more information and help, consult
https://electronjs.org/docs/tutorial/security.
This warning will not show up
once the app is packaged. (line 2 at node:electron/js2c/sandbox_bundle)
[WEBVIEW] 3: TRPCClientError: Unauthorized (line 1 at https://labs.google/fx/_next/static/chunks/pages/_app-961dbc1e8ac9ca4b.js)
[WEBVIEW] 3: logging event error TRPCClientError: Unauthorized (line 1 at https://labs.google/fx/_next/static/chunks/pages/_app-961dbc1e8ac9ca4b.js)
[WEBVIEW] 3: TRPCClientError: Unauthorized (line 1 at https://labs.google/fx/_next/static/chunks/pages/_app-961dbc1e8ac9ca4b.js)
[WEBVIEW] 3: TRPCClientError: Unauthorized (line 1 at https://labs.google/fx/_next/static/chunks/pages/_app-961dbc1e8ac9ca4b.js)
[WEBVIEW] 3: logging event error TRPCClientError: Unauthorized (line 1 at https://labs.google/fx/_next/static/chunks/pages/_app-961dbc1e8ac9ca4b.js)
[WEBVIEW] 3: [object Response] (line 1 at https://labs.google/fx/_next/static/chunks/pages/_app-961dbc1e8ac9ca4b.js)
[WEBVIEW] 3: [next-auth][error][CLIENT_FETCH_ERROR] 
https://next-auth.js.org/errors#client_fetch_error Failed to fetch [object Object] (line 1 at https://labs.google/fx/_next/static/chunks/pages/_app-961dbc1e8ac9ca4b.js)
[WEBVIEW] 3: [next-auth][error][CLIENT_FETCH_ERROR] 
https://next-auth.js.org/errors#client_fetch_error Failed to fetch [object Object] (line 1 at https://labs.google/fx/_next/static/chunks/pages/_app-961dbc1e8ac9ca4b.js)
[WEBVIEW] 1: [object Object] (line 24 at https://labs.google/fx/vi/tools/flow)
[WEBVIEW] 2: %cElectron Security Warning (Insecure Content-Security-Policy) font-weight: bold; This renderer process has either no Content Security
  Policy set or a policy with "unsafe-eval" enabled. This exposes users of
  this app to unnecessary security risks.

For more information and help, consult
https://electronjs.org/docs/tutorial/security.
This warning will not show up
once the app is packaged. (line 2 at node:electron/js2c/sandbox_bundle)
[WEBVIEW] 3: Uncaught (in promise) InvalidStateError: Failed to execute 'transaction' on 'IDBDatabase': The database connection is closing. (line 1 at https://labs.google/fx/_next/static/chunks/pages/_app-961dbc1e8ac9ca4b.js)
[WEBVIEW] 3: TRPCClientError: UNAUTHORIZED (line 1 at https://labs.google/fx/_next/static/chunks/pages/_app-961dbc1e8ac9ca4b.js)
[WEBVIEW] 3: logging event error TRPCClientError: UNAUTHORIZED (line 1 at https://labs.google/fx/_next/static/chunks/pages/_app-961dbc1e8ac9ca4b.js)
[WEBVIEW] 3: TRPCClientError: UNAUTHORIZED (line 1 at https://labs.google/fx/_next/static/chunks/pages/_app-961dbc1e8ac9ca4b.js)
[WEBVIEW] 3: [next-auth][error][CLIENT_FETCH_ERROR] 
https://next-auth.js.org/errors#client_fetch_error Failed to fetch [object Object] (line 1 at https://labs.google/fx/_next/static/chunks/pages/_app-961dbc1e8ac9ca4b.js)
[WEBVIEW] 3: [next-auth][error][CLIENT_FETCH_ERROR] 
https://next-auth.js.org/errors#client_fetch_error Failed to fetch [object Object] (line 1 at https://labs.google/fx/_next/static/chunks/pages/_app-961dbc1e8ac9ca4b.js)
[WEBVIEW] 3: [object DOMException] (line 0 at )
[WEBVIEW] 1: [object Object] (line 24 at https://labs.google/fx/vi/tools/flow)
[WEBVIEW] 3: Uncaught Error: Minified React error #418; visit https://reactjs.org/docs/error-decoder.html?invariant=418 for the full message or use the non-minified dev environment for full errors and additional helpful warnings. (line 1 at https://labs.google/fx/_next/static/chunks/framework-978f03270918e8ac.js)
[WEBVIEW] 3: Uncaught Error: Minified React error #418; visit https://reactjs.org/docs/error-decoder.html?invariant=418 for the full message or use the non-minified dev environment for full errors and additional helpful warnings. (line 1 at https://labs.google/fx/_next/static/chunks/framework-978f03270918e8ac.js)
[WEBVIEW] 3: Uncaught Error: Minified React error #418; visit https://reactjs.org/docs/error-decoder.html?invariant=418 for the full message or use the non-minified dev environment for full errors and additional helpful warnings. (line 1 at https://labs.google/fx/_next/static/chunks/framework-978f03270918e8ac.js)
[WEBVIEW] 3: Uncaught Error: Minified React error #418; visit https://reactjs.org/docs/error-decoder.html?invariant=418 for the full message or use the non-minified dev environment for full errors and additional helpful warnings. (line 1 at https://labs.google/fx/_next/static/chunks/framework-978f03270918e8ac.js)
[WEBVIEW] 3: Uncaught Error: Minified React error #418; visit https://reactjs.org/docs/error-decoder.html?invariant=418 for the full message or use the non-minified dev environment for full errors and additional helpful warnings. (line 1 at https://labs.google/fx/_next/static/chunks/framework-978f03270918e8ac.js)
[WEBVIEW] 3: Uncaught Error: Minified React error #418; visit https://reactjs.org/docs/error-decoder.html?invariant=418 for the full message or use the non-minified dev environment for full errors and additional helpful warnings. (line 1 at https://labs.google/fx/_next/static/chunks/framework-978f03270918e8ac.js)
[WEBVIEW] 3: Uncaught Error: Minified React error #418; visit https://reactjs.org/docs/error-decoder.html?invariant=418 for the full message or use the non-minified dev environment for full errors and additional helpful warnings. (line 1 at https://labs.google/fx/_next/static/chunks/framework-978f03270918e8ac.js)
[WEBVIEW] 3: Uncaught Error: Minified React error #418; visit https://reactjs.org/docs/error-decoder.html?invariant=418 for the full message or use the non-minified dev environment for full errors and additional helpful warnings. (line 1 at https://labs.google/fx/_next/static/chunks/framework-978f03270918e8ac.js)
[WEBVIEW] 3: Uncaught Error: Minified React error #418; visit https://reactjs.org/docs/error-decoder.html?invariant=418 for the full message or use the non-minified dev environment for full errors and additional helpful warnings. (line 1 at https://labs.google/fx/_next/static/chunks/framework-978f03270918e8ac.js)
[WEBVIEW] 3: Uncaught Error: Minified React error #418; visit https://reactjs.org/docs/error-decoder.html?invariant=418 for the full message or use the non-minified dev environment for full errors and additional helpful warnings. (line 1 at https://labs.google/fx/_next/static/chunks/framework-978f03270918e8ac.js)
[WEBVIEW] 3: Uncaught Error: Minified React error #423; visit https://reactjs.org/docs/error-decoder.html?invariant=423 for the full message or use the non-minified dev environment for full errors and additional helpful warnings. (line 1 at https://labs.google/fx/_next/static/chunks/framework-978f03270918e8ac.js)
[WEBVIEW] 2: %cElectron Security Warning (Insecure Content-Security-Policy) font-weight: bold; This renderer process has either no Content Security
  Policy set or a policy with "unsafe-eval" enabled. This exposes users of
  this app to unnecessary security risks.

For more information and help, consult
https://electronjs.org/docs/tutorial/security.
This warning will not show up
once the app is packaged. (line 2 at node:electron/js2c/sandbox_bundle)
[WEBVIEW] 3: Uncaught Error: Minified React error #418; visit https://reactjs.org/docs/error-decoder.html?invariant=418 for the full message or use the non-minified dev environment for full errors and additional helpful warnings. (line 1 at https://labs.google/fx/_next/static/chunks/framework-978f03270918e8ac.js)
[WEBVIEW] 3: Uncaught Error: Minified React error #418; visit https://reactjs.org/docs/error-decoder.html?invariant=418 for the full message or use the non-minified dev environment for full errors and additional helpful warnings. (line 1 at https://labs.google/fx/_next/static/chunks/framework-978f03270918e8ac.js)
[WEBVIEW] 3: Uncaught Error: Minified React error #418; visit https://reactjs.org/docs/error-decoder.html?invariant=418 for the full message or use the non-minified dev environment for full errors and additional helpful warnings. (line 1 at https://labs.google/fx/_next/static/chunks/framework-978f03270918e8ac.js)
[WEBVIEW] 3: Uncaught Error: Minified React error #418; visit https://reactjs.org/docs/error-decoder.html?invariant=418 for the full message or use the non-minified dev environment for full errors and additional helpful warnings. (line 1 at https://labs.google/fx/_next/static/chunks/framework-978f03270918e8ac.js)
[WEBVIEW] 3: Uncaught Error: Minified React error #418; visit https://reactjs.org/docs/error-decoder.html?invariant=418 for the full message or use the non-minified dev environment for full errors and additional helpful warnings. (line 1 at https://labs.google/fx/_next/static/chunks/framework-978f03270918e8ac.js)
[WEBVIEW] 3: Uncaught Error: Minified React error #418; visit https://reactjs.org/docs/error-decoder.html?invariant=418 for the full message or use the non-minified dev environment for full errors and additional helpful warnings. (line 1 at https://labs.google/fx/_next/static/chunks/framework-978f03270918e8ac.js)
[WEBVIEW] 3: Uncaught Error: Minified React error #418; visit https://reactjs.org/docs/error-decoder.html?invariant=418 for the full message or use the non-minified dev environment for full errors and additional helpful warnings. (line 1 at https://labs.google/fx/_next/static/chunks/framework-978f03270918e8ac.js)
[WEBVIEW] 3: Uncaught Error: Minified React error #418; visit https://reactjs.org/docs/error-decoder.html?invariant=418 for the full message or use the non-minified dev environment for full errors and additional helpful warnings. (line 1 at https://labs.google/fx/_next/static/chunks/framework-978f03270918e8ac.js)
[WEBVIEW] 3: Uncaught Error: Minified React error #418; visit https://reactjs.org/docs/error-decoder.html?invariant=418 for the full message or use the non-minified dev environment for full errors and additional helpful warnings. (line 1 at https://labs.google/fx/_next/static/chunks/framework-978f03270918e8ac.js)
[WEBVIEW] 3: Uncaught Error: Minified React error #418; visit https://reactjs.org/docs/error-decoder.html?invariant=418 for the full message or use the non-minified dev environment for full errors and additional helpful warnings. (line 1 at https://labs.google/fx/_next/static/chunks/framework-978f03270918e8ac.js)
[WEBVIEW] 3: Uncaught Error: Minified React error #423; visit https://reactjs.org/docs/error-decoder.html?invariant=423 for the full message or use the non-minified dev environment for full errors and additional helpful warnings. (line 1 at https://labs.google/fx/_next/static/chunks/framework-978f03270918e8ac.js)
[WEBVIEW] 2: %cElectron Security Warning (Insecure Content-Security-Policy) font-weight: bold; This renderer process has either no Content Security
  Policy set or a policy with "unsafe-eval" enabled. This exposes users of
  this app to unnecessary security risks.

For more information and help, consult
https://electronjs.org/docs/tutorial/security.
This warning will not show up
once the app is packaged. (line 2 at node:electron/js2c/sandbox_bundle)
[WEBVIEW] 1: [object Object] (line 24 at https://labs.google/fx/vi/tools/flow)
[WEBVIEW] 3: Uncaught Error: Minified React error #418; visit https://reactjs.org/docs/error-decoder.html?invariant=418 for the full message or use the non-minified dev environment for full errors and additional helpful warnings. (line 1 at https://labs.google/fx/_next/static/chunks/framework-978f03270918e8ac.js)
[WEBVIEW] 3: Uncaught Error: Minified React error #418; visit https://reactjs.org/docs/error-decoder.html?invariant=418 for the full message or use the non-minified dev environment for full errors and additional helpful warnings. (line 1 at https://labs.google/fx/_next/static/chunks/framework-978f03270918e8ac.js)
[WEBVIEW] 3: Uncaught Error: Minified React error #418; visit https://reactjs.org/docs/error-decoder.html?invariant=418 for the full message or use the non-minified dev environment for full errors and additional helpful warnings. (line 1 at https://labs.google/fx/_next/static/chunks/framework-978f03270918e8ac.js)
[WEBVIEW] 3: Uncaught Error: Minified React error #418; visit https://reactjs.org/docs/error-decoder.html?invariant=418 for the full message or use the non-minified dev environment for full errors and additional helpful warnings. (line 1 at https://labs.google/fx/_next/static/chunks/framework-978f03270918e8ac.js)
[WEBVIEW] 3: Uncaught Error: Minified React error #418; visit https://reactjs.org/docs/error-decoder.html?invariant=418 for the full message or use the non-minified dev environment for full errors and additional helpful warnings. (line 1 at https://labs.google/fx/_next/static/chunks/framework-978f03270918e8ac.js)
[WEBVIEW] 3: Uncaught Error: Minified React error #418; visit https://reactjs.org/docs/error-decoder.html?invariant=418 for the full message or use the non-minified dev environment for full errors and additional helpful warnings. (line 1 at https://labs.google/fx/_next/static/chunks/framework-978f03270918e8ac.js)
[WEBVIEW] 3: Uncaught Error: Minified React error #418; visit https://reactjs.org/docs/error-decoder.html?invariant=418 for the full message or use the non-minified dev environment for full errors and additional helpful warnings. (line 1 at https://labs.google/fx/_next/static/chunks/framework-978f03270918e8ac.js)
[WEBVIEW] 3: Uncaught Error: Minified React error #418; visit https://reactjs.org/docs/error-decoder.html?invariant=418 for the full message or use the non-minified dev environment for full errors and additional helpful warnings. (line 1 at https://labs.google/fx/_next/static/chunks/framework-978f03270918e8ac.js)
[WEBVIEW] 3: Uncaught Error: Minified React error #418; visit https://reactjs.org/docs/error-decoder.html?invariant=418 for the full message or use the non-minified dev environment for full errors and additional helpful warnings. (line 1 at https://labs.google/fx/_next/static/chunks/framework-978f03270918e8ac.js)
[WEBVIEW] 3: Uncaught Error: Minified React error #418; visit https://reactjs.org/docs/error-decoder.html?invariant=418 for the full message or use the non-minified dev environment for full errors and additional helpful warnings. (line 1 at https://labs.google/fx/_next/static/chunks/framework-978f03270918e8ac.js)
[WEBVIEW] 3: Uncaught Error: Minified React error #423; visit https://reactjs.org/docs/error-decoder.html?invariant=423 for the full message or use the non-minified dev environment for full errors and additional helpful warnings. (line 1 at https://labs.google/fx/_next/static/chunks/framework-978f03270918e8ac.js)
[WEBVIEW] 2: %cElectron Security Warning (Insecure Content-Security-Policy) font-weight: bold; This renderer process has either no Content Security
  Policy set or a policy with "unsafe-eval" enabled. This exposes users of
  this app to unnecessary security risks.

For more information and help, consult
https://electronjs.org/docs/tutorial/security.
This warning will not show up
once the app is packaged. (line 2 at node:electron/js2c/sandbox_bundle)
[WEBVIEW] 1: [object Object] (line 24 at https://labs.google/fx/vi/tools/flow)
[WEBVIEW] 3: Uncaught Error: Minified React error #418; visit https://reactjs.org/docs/error-decoder.html?invariant=418 for the full message or use the non-minified dev environment for full errors and additional helpful warnings. (line 1 at https://labs.google/fx/_next/static/chunks/framework-978f03270918e8ac.js)
[WEBVIEW] 3: Uncaught Error: Minified React error #418; visit https://reactjs.org/docs/error-decoder.html?invariant=418 for the full message or use the non-minified dev environment for full errors and additional helpful warnings. (line 1 at https://labs.google/fx/_next/static/chunks/framework-978f03270918e8ac.js)
[WEBVIEW] 3: Uncaught Error: Minified React error #418; visit https://reactjs.org/docs/error-decoder.html?invariant=418 for the full message or use the non-minified dev environment for full errors and additional helpful warnings. (line 1 at https://labs.google/fx/_next/static/chunks/framework-978f03270918e8ac.js)
[WEBVIEW] 3: Uncaught Error: Minified React error #418; visit https://reactjs.org/docs/error-decoder.html?invariant=418 for the full message or use the non-minified dev environment for full errors and additional helpful warnings. (line 1 at https://labs.google/fx/_next/static/chunks/framework-978f03270918e8ac.js)
[WEBVIEW] 3: Uncaught Error: Minified React error #418; visit https://reactjs.org/docs/error-decoder.html?invariant=418 for the full message or use the non-minified dev environment for full errors and additional helpful warnings. (line 1 at https://labs.google/fx/_next/static/chunks/framework-978f03270918e8ac.js)
[WEBVIEW] 3: Uncaught Error: Minified React error #418; visit https://reactjs.org/docs/error-decoder.html?invariant=418 for the full message or use the non-minified dev environment for full errors and additional helpful warnings. (line 1 at https://labs.google/fx/_next/static/chunks/framework-978f03270918e8ac.js)
[WEBVIEW] 3: Uncaught Error: Minified React error #418; visit https://reactjs.org/docs/error-decoder.html?invariant=418 for the full message or use the non-minified dev environment for full errors and additional helpful warnings. (line 1 at https://labs.google/fx/_next/static/chunks/framework-978f03270918e8ac.js)
[WEBVIEW] 3: Uncaught Error: Minified React error #418; visit https://reactjs.org/docs/error-decoder.html?invariant=418 for the full message or use the non-minified dev environment for full errors and additional helpful warnings. (line 1 at https://labs.google/fx/_next/static/chunks/framework-978f03270918e8ac.js)
[WEBVIEW] 3: Uncaught Error: Minified React error #418; visit https://reactjs.org/docs/error-decoder.html?invariant=418 for the full message or use the non-minified dev environment for full errors and additional helpful warnings. (line 1 at https://labs.google/fx/_next/static/chunks/framework-978f03270918e8ac.js)
[WEBVIEW] 3: Uncaught Error: Minified React error #418; visit https://reactjs.org/docs/error-decoder.html?invariant=418 for the full message or use the non-minified dev environment for full errors and additional helpful warnings. (line 1 at https://labs.google/fx/_next/static/chunks/framework-978f03270918e8ac.js)
[WEBVIEW] 3: Uncaught Error: Minified React error #423; visit https://reactjs.org/docs/error-decoder.html?invariant=423 for the full message or use the non-minified dev environment for full errors and additional helpful warnings. (line 1 at https://labs.google/fx/_next/static/chunks/framework-978f03270918e8ac.js)
[WEBVIEW] 2: %cElectron Security Warning (Insecure Content-Security-Policy) font-weight: bold; This renderer process has either no Content Security
  Policy set or a policy with "unsafe-eval" enabled. This exposes users of
  this app to unnecessary security risks.

For more information and help, consult
https://electronjs.org/docs/tutorial/security.
This warning will not show up
once the app is packaged. (line 2 at node:electron/js2c/sandbox_bundle)
[WEBVIEW] 3: Access to fetch at 'https://support.google.com/flow' (redirected from 'https://labs.google/fx/_next/data/MktKinZzZ_Gr7JeMxaJWn/vi/tools/flow/faq.json') from origin 'https://labs.google' has been blocked by CORS policy: Response to preflight request doesn't pass access control check: No 'Access-Control-Allow-Origin' header is present on the requested resource. If an opaque response serves your needs, set the request's mode to 'no-cors' to fetch the resource with CORS disabled. (line 0 at https://labs.google/fx/vi/tools/flow)
[WEBVIEW] 3: Access to fetch at 'https://support.google.com/flow' (redirected from 'https://labs.google/fx/_next/data/MktKinZzZ_Gr7JeMxaJWn/vi/tools/flow/faq.json') from origin 'https://labs.google' has been blocked by CORS policy: Response to preflight request doesn't pass access control check: No 'Access-Control-Allow-Origin' header is present on the requested resource. If an opaque response serves your needs, set the request's mode to 'no-cors' to fetch the resource with CORS disabled. (line 0 at https://labs.google/fx/vi/tools/flow)
[WEBVIEW] 1: %c%s color: red; background: yellow; font-size: 24px; WARNING! (line 469 at https://www.gstatic.com/_/mss/boq-identity/_/js/k=boq-identity.AccountsSignInUi.en_US.8tJAv8mZf9w.es5.O/am=Kf8GAABCEUgGwP___zcAIACCaOB6FoAmEBkAAAAAAAAAALBCAAAaAQ/d=1/excm=_b,_tp,identifierview/ed=1/dg=0/wt=2/ujg=1/rs=AOaEmlFWL3WyKsIrFVf0YeRriayoTukHQQ/dti=1/m=_b,_tp)
[WEBVIEW] 1: %c%s font-size: 18px; Using this console may allow attackers to impersonate you and steal your information using an attack called Self-XSS.
Do not enter or paste code that you do not understand. (line 469 at https://www.gstatic.com/_/mss/boq-identity/_/js/k=boq-identity.AccountsSignInUi.en_US.8tJAv8mZf9w.es5.O/am=Kf8GAABCEUgGwP___zcAIACCaOB6FoAmEBkAAAAAAAAAALBCAAAaAQ/d=1/excm=_b,_tp,identifierview/ed=1/dg=0/wt=2/ujg=1/rs=AOaEmlFWL3WyKsIrFVf0YeRriayoTukHQQ/dti=1/m=_b,_tp)
[WEBVIEW] 3: Uncaught Error: Minified React error #418; visit https://reactjs.org/docs/error-decoder.html?invariant=418 for the full message or use the non-minified dev environment for full errors and additional helpful warnings. (line 1 at https://labs.google/fx/_next/static/chunks/framework-978f03270918e8ac.js)
[WEBVIEW] 3: Uncaught Error: Minified React error #418; visit https://reactjs.org/docs/error-decoder.html?invariant=418 for the full message or use the non-minified dev environment for full errors and additional helpful warnings. (line 1 at https://labs.google/fx/_next/static/chunks/framework-978f03270918e8ac.js)
[WEBVIEW] 3: Uncaught Error: Minified React error #418; visit https://reactjs.org/docs/error-decoder.html?invariant=418 for the full message or use the non-minified dev environment for full errors and additional helpful warnings. (line 1 at https://labs.google/fx/_next/static/chunks/framework-978f03270918e8ac.js)
[WEBVIEW] 3: Uncaught Error: Minified React error #418; visit https://reactjs.org/docs/error-decoder.html?invariant=418 for the full message or use the non-minified dev environment for full errors and additional helpful warnings. (line 1 at https://labs.google/fx/_next/static/chunks/framework-978f03270918e8ac.js)
[WEBVIEW] 3: Uncaught Error: Minified React error #418; visit https://reactjs.org/docs/error-decoder.html?invariant=418 for the full message or use the non-minified dev environment for full errors and additional helpful warnings. (line 1 at https://labs.google/fx/_next/static/chunks/framework-978f03270918e8ac.js)
[WEBVIEW] 3: Uncaught Error: Minified React error #418; visit https://reactjs.org/docs/error-decoder.html?invariant=418 for the full message or use the non-minified dev environment for full errors and additional helpful warnings. (line 1 at https://labs.google/fx/_next/static/chunks/framework-978f03270918e8ac.js)
[WEBVIEW] 3: Uncaught Error: Minified React error #418; visit https://reactjs.org/docs/error-decoder.html?invariant=418 for the full message or use the non-minified dev environment for full errors and additional helpful warnings. (line 1 at https://labs.google/fx/_next/static/chunks/framework-978f03270918e8ac.js)
[WEBVIEW] 3: Uncaught Error: Minified React error #418; visit https://reactjs.org/docs/error-decoder.html?invariant=418 for the full message or use the non-minified dev environment for full errors and additional helpful warnings. (line 1 at https://labs.google/fx/_next/static/chunks/framework-978f03270918e8ac.js)
[WEBVIEW] 3: Uncaught Error: Minified React error #418; visit https://reactjs.org/docs/error-decoder.html?invariant=418 for the full message or use the non-minified dev environment for full errors and additional helpful warnings. (line 1 at https://labs.google/fx/_next/static/chunks/framework-978f03270918e8ac.js)
[WEBVIEW] 3: Uncaught Error: Minified React error #418; visit https://reactjs.org/docs/error-decoder.html?invariant=418 for the full message or use the non-minified dev environment for full errors and additional helpful warnings. (line 1 at https://labs.google/fx/_next/static/chunks/framework-978f03270918e8ac.js)
[WEBVIEW] 3: Uncaught Error: Minified React error #423; visit https://reactjs.org/docs/error-decoder.html?invariant=423 for the full message or use the non-minified dev environment for full errors and additional helpful warnings. (line 1 at https://labs.google/fx/_next/static/chunks/framework-978f03270918e8ac.js)
[WEBVIEW] 2: %cElectron Security Warning (Insecure Content-Security-Policy) font-weight: bold; This renderer process has either no Content Security
  Policy set or a policy with "unsafe-eval" enabled. This exposes users of
  this app to unnecessary security risks.

For more information and help, consult
https://electronjs.org/docs/tutorial/security.
This warning will not show up
once the app is packaged. (line 2 at node:electron/js2c/sandbox_bundle)
[WEBVIEW] 1: %c%s color: red; background: yellow; font-size: 24px; WARNING! (line 469 at https://www.gstatic.com/_/mss/boq-identity/_/js/k=boq-identity.AccountsSignInUi.en_US.8tJAv8mZf9w.es5.O/am=Kf8GAABCEUgGwP___zcAIACCaOB6FoAmEBkAAAAAAAAAALBCAAAaAQ/d=1/excm=_b,_tp,identifierview/ed=1/dg=0/wt=2/ujg=1/rs=AOaEmlFWL3WyKsIrFVf0YeRriayoTukHQQ/dti=1/m=_b,_tp)
[WEBVIEW] 1: %c%s font-size: 18px; Using this console may allow attackers to impersonate you and steal your information using an attack called Self-XSS.
Do not enter or paste code that you do not understand. (line 469 at https://www.gstatic.com/_/mss/boq-identity/_/js/k=boq-identity.AccountsSignInUi.en_US.8tJAv8mZf9w.es5.O/am=Kf8GAABCEUgGwP___zcAIACCaOB6FoAmEBkAAAAAAAAAALBCAAAaAQ/d=1/excm=_b,_tp,identifierview/ed=1/dg=0/wt=2/ujg=1/rs=AOaEmlFWL3WyKsIrFVf0YeRriayoTukHQQ/dti=1/m=_b,_tp)
[WEBVIEW] 1: [object Object] (line 24 at https://labs.google/fx/vi/tools/flow)
[WEBVIEW] 3: Uncaught Error: Minified React error #418; visit https://reactjs.org/docs/error-decoder.html?invariant=418 for the full message or use the non-minified dev environment for full errors and additional helpful warnings. (line 1 at https://labs.google/fx/_next/static/chunks/framework-978f03270918e8ac.js)
[WEBVIEW] 3: Uncaught Error: Minified React error #418; visit https://reactjs.org/docs/error-decoder.html?invariant=418 for the full message or use the non-minified dev environment for full errors and additional helpful warnings. (line 1 at https://labs.google/fx/_next/static/chunks/framework-978f03270918e8ac.js)
[WEBVIEW] 3: Uncaught Error: Minified React error #418; visit https://reactjs.org/docs/error-decoder.html?invariant=418 for the full message or use the non-minified dev environment for full errors and additional helpful warnings. (line 1 at https://labs.google/fx/_next/static/chunks/framework-978f03270918e8ac.js)
[WEBVIEW] 3: Uncaught Error: Minified React error #418; visit https://reactjs.org/docs/error-decoder.html?invariant=418 for the full message or use the non-minified dev environment for full errors and additional helpful warnings. (line 1 at https://labs.google/fx/_next/static/chunks/framework-978f03270918e8ac.js)
[WEBVIEW] 3: Uncaught Error: Minified React error #418; visit https://reactjs.org/docs/error-decoder.html?invariant=418 for the full message or use the non-minified dev environment for full errors and additional helpful warnings. (line 1 at https://labs.google/fx/_next/static/chunks/framework-978f03270918e8ac.js)
[WEBVIEW] 3: Uncaught Error: Minified React error #418; visit https://reactjs.org/docs/error-decoder.html?invariant=418 for the full message or use the non-minified dev environment for full errors and additional helpful warnings. (line 1 at https://labs.google/fx/_next/static/chunks/framework-978f03270918e8ac.js)
[WEBVIEW] 3: Uncaught Error: Minified React error #418; visit https://reactjs.org/docs/error-decoder.html?invariant=418 for the full message or use the non-minified dev environment for full errors and additional helpful warnings. (line 1 at https://labs.google/fx/_next/static/chunks/framework-978f03270918e8ac.js)
[WEBVIEW] 3: Uncaught Error: Minified React error #418; visit https://reactjs.org/docs/error-decoder.html?invariant=418 for the full message or use the non-minified dev environment for full errors and additional helpful warnings. (line 1 at https://labs.google/fx/_next/static/chunks/framework-978f03270918e8ac.js)
[WEBVIEW] 3: Uncaught Error: Minified React error #418; visit https://reactjs.org/docs/error-decoder.html?invariant=418 for the full message or use the non-minified dev environment for full errors and additional helpful warnings. (line 1 at https://labs.google/fx/_next/static/chunks/framework-978f03270918e8ac.js)
[WEBVIEW] 3: Uncaught Error: Minified React error #418; visit https://reactjs.org/docs/error-decoder.html?invariant=418 for the full message or use the non-minified dev environment for full errors and additional helpful warnings. (line 1 at https://labs.google/fx/_next/static/chunks/framework-978f03270918e8ac.js)
[WEBVIEW] 3: Uncaught Error: Minified React error #423; visit https://reactjs.org/docs/error-decoder.html?invariant=423 for the full message or use the non-minified dev environment for full errors and additional helpful warnings. (line 1 at https://labs.google/fx/_next/static/chunks/framework-978f03270918e8ac.js)
[WEBVIEW] 2: %cElectron Security Warning (Insecure Content-Security-Policy) font-weight: bold; This renderer process has either no Content Security
  Policy set or a policy with "unsafe-eval" enabled. This exposes users of
  this app to unnecessary security risks.

For more information and help, consult
https://electronjs.org/docs/tutorial/security.
This warning will not show up
once the app is packaged. (line 2 at node:electron/js2c/sandbox_bundle)
[WEBVIEW] 1: %c%s color: red; background: yellow; font-size: 24px; WARNING! (line 469 at https://www.gstatic.com/_/mss/boq-identity/_/js/k=boq-identity.AccountsSignInUi.en_US.8tJAv8mZf9w.es5.O/am=Kf8GAABCEUgGwP___zcAIACCaOB6FoAmEBkAAAAAAAAAALBCAAAaAQ/d=1/excm=_b,_tp,identifierview/ed=1/dg=0/wt=2/ujg=1/rs=AOaEmlFWL3WyKsIrFVf0YeRriayoTukHQQ/dti=1/m=_b,_tp)
[WEBVIEW] 1: %c%s font-size: 18px; Using this console may allow attackers to impersonate you and steal your information using an attack called Self-XSS.
Do not enter or paste code that you do not understand. (line 469 at https://www.gstatic.com/_/mss/boq-identity/_/js/k=boq-identity.AccountsSignInUi.en_US.8tJAv8mZf9w.es5.O/am=Kf8GAABCEUgGwP___zcAIACCaOB6FoAmEBkAAAAAAAAAALBCAAAaAQ/d=1/excm=_b,_tp,identifierview/ed=1/dg=0/wt=2/ujg=1/rs=AOaEmlFWL3WyKsIrFVf0YeRriayoTukHQQ/dti=1/m=_b,_tp)
[WEBVIEW] 1: [object Object] (line 24 at https://labs.google/fx/vi)
[WEBVIEW] 2: %cElectron Security Warning (Insecure Content-Security-Policy) font-weight: bold; This renderer process has either no Content Security
  Policy set or a policy with "unsafe-eval" enabled. This exposes users of
  this app to unnecessary security risks.

For more information and help, consult
https://electronjs.org/docs/tutorial/security.
This warning will not show up
once the app is packaged. (line 2 at node:electron/js2c/sandbox_bundle)
[WEBVIEW] 1: [object Object] (line 24 at https://labs.google/fx/vi)
[WEBVIEW] 3: TRPCClientError: Unauthorized (line 1 at https://labs.google/fx/_next/static/chunks/pages/_app-961dbc1e8ac9ca4b.js)
[WEBVIEW] 3: TRPCClientError: Unauthorized (line 1 at https://labs.google/fx/_next/static/chunks/pages/_app-961dbc1e8ac9ca4b.js)
[WEBVIEW] 3: logging event error TRPCClientError: Unauthorized (line 1 at https://labs.google/fx/_next/static/chunks/pages/_app-961dbc1e8ac9ca4b.js)
[WEBVIEW] 3: TRPCClientError: Unauthorized (line 1 at https://labs.google/fx/_next/static/chunks/pages/_app-961dbc1e8ac9ca4b.js)
[WEBVIEW] 3: TRPCClientError: Unauthorized (line 1 at https://labs.google/fx/_next/static/chunks/pages/_app-961dbc1e8ac9ca4b.js)
[WEBVIEW] 3: logging event error TRPCClientError: Unauthorized (line 1 at https://labs.google/fx/_next/static/chunks/pages/_app-961dbc1e8ac9ca4b.js)
[WEBVIEW] 2: %cElectron Security Warning (Insecure Content-Security-Policy) font-weight: bold; This renderer process has either no Content Security
  Policy set or a policy with "unsafe-eval" enabled. This exposes users of
  this app to unnecessary security risks.

For more information and help, consult
https://electronjs.org/docs/tutorial/security.
This warning will not show up
once the app is packaged. (line 2 at node:electron/js2c/sandbox_bundle)
[WEBVIEW] 1: %c%s color: red; background: yellow; font-size: 24px; WARNING! (line 469 at https://www.gstatic.com/_/mss/boq-identity/_/js/k=boq-identity.AccountsSignInUi.en_US.8tJAv8mZf9w.es5.O/am=Kf8GAABCEUgGwP___zcAIACCaOB6FoAmEBkAAAAAAAAAALBAAAAaAQ/d=1/excm=_b,_tp,accountchooserview/ed=1/dg=0/wt=2/ujg=1/rs=AOaEmlHY3YrFkmwUqXLobOFJ2A2NzhLFZw/dti=1/m=_b,_tp)
[WEBVIEW] 1: %c%s font-size: 18px; Using this console may allow attackers to impersonate you and steal your information using an attack called Self-XSS.
Do not enter or paste code that you do not understand. (line 469 at https://www.gstatic.com/_/mss/boq-identity/_/js/k=boq-identity.AccountsSignInUi.en_US.8tJAv8mZf9w.es5.O/am=Kf8GAABCEUgGwP___zcAIACCaOB6FoAmEBkAAAAAAAAAALBAAAAaAQ/d=1/excm=_b,_tp,accountchooserview/ed=1/dg=0/wt=2/ujg=1/rs=AOaEmlHY3YrFkmwUqXLobOFJ2A2NzhLFZw/dti=1/m=_b,_tp)
[WEBVIEW] 3: TRPCClientError: Unauthorized (line 1 at https://labs.google/fx/_next/static/chunks/pages/_app-961dbc1e8ac9ca4b.js)
[WEBVIEW] 3: logging event error TRPCClientError: Unauthorized (line 1 at https://labs.google/fx/_next/static/chunks/pages/_app-961dbc1e8ac9ca4b.js)
[WEBVIEW] 3: TRPCClientError: Unauthorized (line 1 at https://labs.google/fx/_next/static/chunks/pages/_app-961dbc1e8ac9ca4b.js)
[WEBVIEW] 3: TRPCClientError: Unauthorized (line 1 at https://labs.google/fx/_next/static/chunks/pages/_app-961dbc1e8ac9ca4b.js)
[WEBVIEW] 3: TRPCClientError: Unauthorized (line 1 at https://labs.google/fx/_next/static/chunks/pages/_app-961dbc1e8ac9ca4b.js)
[WEBVIEW] 3: logging event error TRPCClientError: Unauthorized (line 1 at https://labs.google/fx/_next/static/chunks/pages/_app-961dbc1e8ac9ca4b.js)
[WEBVIEW] 2: %cElectron Security Warning (Insecure Content-Security-Policy) font-weight: bold; This renderer process has either no Content Security
  Policy set or a policy with "unsafe-eval" enabled. This exposes users of
  this app to unnecessary security risks.

For more information and help, consult
https://electronjs.org/docs/tutorial/security.
This warning will not show up
once the app is packaged. (line 2 at node:electron/js2c/sandbox_bundle)
[WEBVIEW] 1: %c%s color: red; background: yellow; font-size: 24px; WARNING! (line 469 at https://www.gstatic.com/_/mss/boq-identity/_/js/k=boq-identity.AccountsSignInUi.en_US.8tJAv8mZf9w.es5.O/am=Kf8GAABCEUgGwP___zcAIACCaOB6FoAmEBkAAAAAAAAAALBAAAAaAQ/d=1/excm=_b,_tp,accountchooserview/ed=1/dg=0/wt=2/ujg=1/rs=AOaEmlHY3YrFkmwUqXLobOFJ2A2NzhLFZw/dti=1/m=_b,_tp)
[WEBVIEW] 1: %c%s font-size: 18px; Using this console may allow attackers to impersonate you and steal your information using an attack called Self-XSS.
Do not enter or paste code that you do not understand. (line 469 at https://www.gstatic.com/_/mss/boq-identity/_/js/k=boq-identity.AccountsSignInUi.en_US.8tJAv8mZf9w.es5.O/am=Kf8GAABCEUgGwP___zcAIACCaOB6FoAmEBkAAAAAAAAAALBAAAAaAQ/d=1/excm=_b,_tp,accountchooserview/ed=1/dg=0/wt=2/ujg=1/rs=AOaEmlHY3YrFkmwUqXLobOFJ2A2NzhLFZw/dti=1/m=_b,_tp)
[WEBVIEW] 1: [object Object] (line 24 at https://labs.google/fx/vi/tools/flow)
[WEBVIEW] 3: Uncaught Error: Minified React error #418; visit https://reactjs.org/docs/error-decoder.html?invariant=418 for the full message or use the non-minified dev environment for full errors and additional helpful warnings. (line 1 at https://labs.google/fx/_next/static/chunks/framework-978f03270918e8ac.js)
[WEBVIEW] 3: Uncaught Error: Minified React error #418; visit https://reactjs.org/docs/error-decoder.html?invariant=418 for the full message or use the non-minified dev environment for full errors and additional helpful warnings. (line 1 at https://labs.google/fx/_next/static/chunks/framework-978f03270918e8ac.js)
[WEBVIEW] 3: Uncaught Error: Minified React error #418; visit https://reactjs.org/docs/error-decoder.html?invariant=418 for the full message or use the non-minified dev environment for full errors and additional helpful warnings. (line 1 at https://labs.google/fx/_next/static/chunks/framework-978f03270918e8ac.js)
[WEBVIEW] 3: Uncaught Error: Minified React error #418; visit https://reactjs.org/docs/error-decoder.html?invariant=418 for the full message or use the non-minified dev environment for full errors and additional helpful warnings. (line 1 at https://labs.google/fx/_next/static/chunks/framework-978f03270918e8ac.js)
[WEBVIEW] 3: Uncaught Error: Minified React error #418; visit https://reactjs.org/docs/error-decoder.html?invariant=418 for the full message or use the non-minified dev environment for full errors and additional helpful warnings. (line 1 at https://labs.google/fx/_next/static/chunks/framework-978f03270918e8ac.js)
[WEBVIEW] 3: Uncaught Error: Minified React error #418; visit https://reactjs.org/docs/error-decoder.html?invariant=418 for the full message or use the non-minified dev environment for full errors and additional helpful warnings. (line 1 at https://labs.google/fx/_next/static/chunks/framework-978f03270918e8ac.js)
[WEBVIEW] 3: Uncaught Error: Minified React error #418; visit https://reactjs.org/docs/error-decoder.html?invariant=418 for the full message or use the non-minified dev environment for full errors and additional helpful warnings. (line 1 at https://labs.google/fx/_next/static/chunks/framework-978f03270918e8ac.js)
[WEBVIEW] 3: Uncaught Error: Minified React error #418; visit https://reactjs.org/docs/error-decoder.html?invariant=418 for the full message or use the non-minified dev environment for full errors and additional helpful warnings. (line 1 at https://labs.google/fx/_next/static/chunks/framework-978f03270918e8ac.js)
[WEBVIEW] 3: Uncaught Error: Minified React error #418; visit https://reactjs.org/docs/error-decoder.html?invariant=418 for the full message or use the non-minified dev environment for full errors and additional helpful warnings. (line 1 at https://labs.google/fx/_next/static/chunks/framework-978f03270918e8ac.js)
[WEBVIEW] 3: Uncaught Error: Minified React error #418; visit https://reactjs.org/docs/error-decoder.html?invariant=418 for the full message or use the non-minified dev environment for full errors and additional helpful warnings. (line 1 at https://labs.google/fx/_next/static/chunks/framework-978f03270918e8ac.js)
[WEBVIEW] 3: Uncaught Error: Minified React error #423; visit https://reactjs.org/docs/error-decoder.html?invariant=423 for the full message or use the non-minified dev environment for full errors and additional helpful warnings. (line 1 at https://labs.google/fx/_next/static/chunks/framework-978f03270918e8ac.js)
[WEBVIEW] 2: %cElectron Security Warning (Insecure Content-Security-Policy) font-weight: bold; This renderer process has either no Content Security
  Policy set or a policy with "unsafe-eval" enabled. This exposes users of
  this app to unnecessary security risks.

For more information and help, consult
https://electronjs.org/docs/tutorial/security.
This warning will not show up
once the app is packaged. (line 2 at node:electron/js2c/sandbox_bundle)
[WEBVIEW] 1: %c%s color: red; background: yellow; font-size: 24px; WARNING! (line 469 at https://www.gstatic.com/_/mss/boq-identity/_/js/k=boq-identity.AccountsSignInUi.en_US.8tJAv8mZf9w.es5.O/am=Kf8GAABCEUgGwP___zcAIACCaOB6FoAmEBkAAAAAAAAAALBCAAAaAQ/d=1/excm=_b,_tp,identifierview/ed=1/dg=0/wt=2/ujg=1/rs=AOaEmlFWL3WyKsIrFVf0YeRriayoTukHQQ/dti=1/m=_b,_tp)
[WEBVIEW] 1: %c%s font-size: 18px; Using this console may allow attackers to impersonate you and steal your information using an attack called Self-XSS.
Do not enter or paste code that you do not understand. (line 469 at https://www.gstatic.com/_/mss/boq-identity/_/js/k=boq-identity.AccountsSignInUi.en_US.8tJAv8mZf9w.es5.O/am=Kf8GAABCEUgGwP___zcAIACCaOB6FoAmEBkAAAAAAAAAALBCAAAaAQ/d=1/excm=_b,_tp,identifierview/ed=1/dg=0/wt=2/ujg=1/rs=AOaEmlFWL3WyKsIrFVf0YeRriayoTukHQQ/dti=1/m=_b,_tp)
[WEBVIEW] 1: %c%s color: red; background: yellow; font-size: 24px; WARNING! (line 469 at https://www.gstatic.com/_/mss/boq-identity/_/js/k=boq-identity.AccountsSignInUi.en_US.8tJAv8mZf9w.es5.O/am=Kf8GAABCEUgGwP___zcAIACCaOB6FoAmEBkAAAAAAAAAALBAAAAaAQ/d=1/excm=_b,_tp,identifierview/ed=1/dg=0/wt=2/ujg=1/rs=AOaEmlHY3YrFkmwUqXLobOFJ2A2NzhLFZw/dti=1/m=_b,_tp)
[WEBVIEW] 1: %c%s font-size: 18px; Using this console may allow attackers to impersonate you and steal your information using an attack called Self-XSS.
Do not enter or paste code that you do not understand. (line 469 at https://www.gstatic.com/_/mss/boq-identity/_/js/k=boq-identity.AccountsSignInUi.en_US.8tJAv8mZf9w.es5.O/am=Kf8GAABCEUgGwP___zcAIACCaOB6FoAmEBkAAAAAAAAAALBAAAAaAQ/d=1/excm=_b,_tp,identifierview/ed=1/dg=0/wt=2/ujg=1/rs=AOaEmlHY3YrFkmwUqXLobOFJ2A2NzhLFZw/dti=1/m=_b,_tp)
